../Core/Src/main.c:116:6:ClearBuffer	8	static
../Core/Src/main.c:126:5:main	8	static
../Core/Src/main.c:227:6:SystemClock_Config	88	static
../Core/Src/main.c:275:13:MX_I2C1_Init	8	static
../Core/Src/main.c:309:13:MX_USART2_UART_Init	8	static
../Core/Src/main.c:342:13:MX_GPIO_Init	48	static
../Core/Src/main.c:413:6:StartOLEDTask	32	static
../Core/Src/main.c:465:6:StartKeypadTask	16	static
../Core/Src/main.c:507:6:StartConfigureArmTask	32	static
../Core/Src/main.c:611:6:StartMotionTask	24	static
../Core/Src/main.c:664:6:HAL_TIM_PeriodElapsedCallback	16	static
../Core/Src/main.c:681:6:Error_Handler	4	static,ignoring_inline_asm
